2026-07-21T07:54:52.501917Z  INFO chronos: Chronos starting
2026-07-21T07:54:52.503663Z  INFO chronos_services::applications: ApplicationsSubscriber: loaded 55 desktop entries
2026-07-21T07:54:52.503681Z  INFO chronos_services::compositor: Detected compositor backend: Hyprland
2026-07-21T07:54:52.505079Z  INFO chronos_services::cava: cava: process started (bars=24, ascii raw)
2026-07-21T07:54:52.505446Z  INFO chronos_services::mpris: MprisSubscriber connected (session bus)
2026-07-21T07:54:52.505527Z  INFO chronos_services::tray: org.kde.StatusNotifierWatcher registered
2026-07-21T07:54:52.506302Z  INFO chronos_services::notification: org.freedesktop.Notifications server registered
2026-07-21T07:54:52.509524Z  INFO chronos_services::network: NetworkSubscriber connected
2026-07-21T07:54:52.514049Z  INFO chronos_services::tray: tray: item added: :1.316/org/ayatana/NotificationItem/udiskie (title=Some("udiskie"), icon=Some("drive-removable-media"), menu=Some("/org/ayatana/NotificationItem/udiskie/Menu"))
2026-07-21T07:54:52.516175Z  INFO chronos_services::upower: UPowerSubscriber connected
2026-07-21T07:54:52.701455Z  INFO chronos_services::audio: AudioSubscriber connected (wpctl MVP backend)
2026-07-21T07:54:53.541550Z  INFO gpui_linux::linux::platform: Compositor GPU hint: vendor=0x10de, device=0x2484 (from dev 226:128)
2026-07-21T07:54:53.541707Z  INFO chronos: GPUI application context ready
2026-07-21T07:54:53.541737Z  INFO chronos::theme_config: theme: env=None, file=/home/neo/.config/chronos/theme.toml, bg.primary l=0.15
2026-07-21T07:54:53.541901Z  INFO chronos::notifications::history_popup: history_popup: subscribed to notification service
2026-07-21T07:54:53.541910Z  INFO chronos::osd: OSD: subscribed to audio service
2026-07-21T07:54:53.541914Z  INFO chronos::tray_menu: tray_menu: subscribed to tray service
2026-07-21T07:54:53.541917Z  INFO chronos::updates_popup: updates_popup: subscribed to aur service
2026-07-21T07:54:53.542242Z  INFO chronos::project_switcher: project_switcher: loaded 3 projects
2026-07-21T07:54:53.542254Z  INFO chronos::volume_popup: volume_popup: subscribed to audio service
2026-07-21T07:54:53.542261Z  INFO chronos::system_popup: system_popup: subscribed to brightness + upower services
2026-07-21T07:54:53.542265Z  WARN chronos::side_panel_right: side_panel_right: CHRONOS_SMOKE_SIDE_PANEL set — auto open/close cycle for smoke
2026-07-21T07:54:53.542268Z  INFO chronos::launcher: launcher::init called
2026-07-21T07:54:53.542289Z  INFO chronos_luau::manager: Loaded 0 plugin(s)
2026-07-21T07:54:53.542367Z  INFO chronos::ipc: IPC listener started
2026-07-21T07:54:53.642491Z  INFO chronos::bar: Opening bar on pult display DisplayId(5)
2026-07-21T07:54:53.729765Z  INFO chronos_services::brightness: BrightnessSubscriber connected: 15% on 2 displays
2026-07-21T07:54:53.790739Z  INFO wgpu_hal::gles::egl: EGL says it can present to the window but not natively
2026-07-21T07:54:53.798539Z  INFO wgpu_hal::vulkan::adapter: Found 6 cooperative matrix configurations supported by wgpu
2026-07-21T07:54:53.830479Z  INFO gpui_wgpu::wgpu_context: Found 2 GPU adapter(s):
2026-07-21T07:54:53.830489Z  INFO gpui_wgpu::wgpu_context:   - NVIDIA GeForce RTX 3070 (vendor=0x10de, device=0x2484, backend=Vulkan, type=DiscreteGpu)
2026-07-21T07:54:53.830491Z  INFO gpui_wgpu::wgpu_context:   - NVIDIA GeForce RTX 3070/PCIe/SSE2 (vendor=0x10de, device=0x0000, backend=Gl, type=Other)
2026-07-21T07:54:53.830493Z  INFO gpui_wgpu::wgpu_context: Testing adapter: NVIDIA GeForce RTX 3070 (Vulkan)...
2026-07-21T07:54:53.908673Z  INFO gpui_wgpu::wgpu_context: Selected GPU (passed configuration test): NVIDIA GeForce RTX 3070 (Vulkan)
2026-07-21T07:54:53.908780Z  INFO gpui_wgpu::wgpu_context: Selected GPU adapter: "NVIDIA GeForce RTX 3070" (Vulkan)
2026-07-21T07:54:53.929950Z  INFO gpui_linux::linux::wayland::window: Server-side decorations requested, but the Wayland server does not support them. Falling back to client-side decorations.
2026-07-21T07:54:53.983808Z  INFO gpui_linux::linux::wayland::window: Server-side decorations requested, but the Wayland server does not support them. Falling back to client-side decorations.
2026-07-21T07:54:53.986484Z  INFO chronos::desktop_terminal::view: desktop_terminal: shell spawned on PTY cols=80 rows=24 shell=/bin/zsh
2026-07-21T07:54:53.997918Z  INFO chronos::desktop_terminal::view: desktop_terminal: first PTY chunk n=11 preview=\u{1b}[H\u{1b}[2J\u{1b}[3J
2026-07-21T07:54:54.004341Z  INFO chronos::desktop_terminal: desktop_terminal: opened Layer::Background surface (600×400, margin top=80 left=48)
2026-07-21T07:54:54.248312Z  INFO chronos_services::aur: AurSubscriber connected (checkupdates/pacman -Qu MVP backend)
2026-07-21T07:54:54.572877Z  INFO gpui_linux::linux::wayland::window: Server-side decorations requested, but the Wayland server does not support them. Falling back to client-side decorations.
2026-07-21T07:54:54.573089Z  INFO chronos::side_panel_right: side_panel_right: opened pinned
2026-07-21T07:54:58.581570Z  INFO chronos::side_panel_right: side_panel_right: closed
